// Jest Snapshot v1, https://goo.gl/fbAQLP

exports[`测试Header.vue 组件样式变化做提示 1`] = `
<div class="header-wrapper">
  <div class="header-content">
    TodoList
    <input placeholder="TodoItem" data-test="input" class="header-input"></div>
</div>
`;
